Microchip MPLAB XC8 Compiler V1.45 ()

Linker command line:

-W-3 --edf=C:\Program Files (x86)\Microchip\xc8\v1.45\dat\en_msgs.txt -cs \
  -h+dist/default/production\TestProj.X.production.sym \
  --cmf=dist/default/production\TestProj.X.production.cmf -z -Q18LF2321 \
  -oC:\Users\Sean\AppData\Local\Temp\sgg4.2 \
  -Mdist/default/production/TestProj.X.production.map -E1 -ver=XC8 \
  -ASTACK=010Eh-01ffh -pstack=STACK -ACODE=00h-01FFFh -ACONST=00h-01FFFh \
  -ASMALLCONST=0200h-02FFhx30 -AMEDIUMCONST=0200h-01FFFh -ACOMRAM=01h-07Fh \
  -AABS1=00h-01FFh -ABIGRAM=01h-01FFh -ARAM=080h-0FFh,0100h-01FFh \
  -ABANK0=080h-0FFh -ABANK1=0100h-01FFh -ASFR=0F80h-0FFFh \
  -preset_vec=00h,intcode=08h,intcodelo,powerup,init -pramtop=0200h \
  -psmallconst=SMALLCONST -pmediumconst=MEDIUMCONST -pconst=CONST \
  -AFARRAM=00h-00h -ACONFIG=0300000h-030000Dh -pconfig=CONFIG \
  -AIDLOC=0200000h-0200007h -pidloc=IDLOC -AEEDATA=0F00000h-0F000FFh \
  -peeprom_data=EEDATA \
  -prdata=COMRAM,nvrram=COMRAM,nvbit=COMRAM,rbss=COMRAM,rbit=COMRAM \
  -pfarbss=FARRAM,fardata=FARRAM,nvFARRAM=FARRAM \
  -pintsave_regs=BIGRAM,bigbss=BIGRAM,bigdata=BIGRAM -pbss=RAM \
  -pidata=CODE,irdata=CODE,ibigdata=CODE,ifardata=CODE -prparam=COMRAM \
  C:\Users\Sean\AppData\Local\Temp\sgg4.obj \
  dist/default/production\TestProj.X.production.obj 

Object code version is 3.11

Machine type is 18LF2321

Call graph: (short form)




                Name                               Link     Load   Length Selector   Space Scale
C:\Users\Sean\AppData\Local\Temp\sgg4.obj
                init                                 C4       C4        4        4       0
                reset_vec                             0        0        4        0       0
                idloc                            200000   200000        8   200000       0
                config                           300000   300000        E   300000       0
dist/default/production\TestProj.X.production.obj
                intcode                               8        8       BC        4       0
                temp                                 6D       6D        1        1       1
                smallconst                          200      200       26      100       0
                text20                             1242     1242        4      113       0
                text19                             121C     121C       1A      113       0
                text18                             1236     1236        C      113       0
                text17                             114A     114A       52      113       0
                text16                              F76      F76       60      113       0
                text15                              D1E      D1E       AE      113       0
                text14                              8A4      8A4      1AC      113       0
                text13                              C38      C38       E6      113       0
                text12                              B44      B44       F4      113       0
                text11                             10EE     10EE       5C      113       0
                text10                             1202     1202       1A      113       0
                text9                               DCC      DCC       94      113       0
                text8                              1034     1034       5E      113       0
                text7                               EF0      EF0       86      113       0
                text6                               E60      E60       90      113       0
                text5                               A50      A50       F4      113       0
                text4                              119C     119C       26      113       0
                text3                               6AE      6AE      1F6      113       0
                text2                              11E4     11E4       1E      113       0
                text1                              11C2     11C2       22      113       0
                text0                               226      226      488      113       0
                cstackCOMRAM                          1        1       59        1       1
                cstackBANK0                          FA       FA        4       80       1
                cstackBANK1                         100      100        E      100       1
                dataBANK0                            80       80       5C       80       1
                bssBANK0                             DC       DC       1E       80       1
                dataCOMRAM                           6B       6B        2        1       1
                bssCOMRAM                            5A       5A       11        1       1
                cinit                               FD6      FD6       5E      113       0
                idataBANK0                         1092     1092       5C      113       0
                idataCOMRAM                        1246     1246        2      113       0

TOTAL           Name                               Link     Load   Length     Space
        CLASS   STACK          

        CLASS   CODE           
                intcode                               8        8       BC         0
                init                                 C4       C4        4         0
                reset_vec                             0        0        4         0
                text20                             1242     1242        4         0
                text19                             121C     121C       1A         0
                text18                             1236     1236        C         0
                text17                             114A     114A       52         0
                text16                              F76      F76       60         0
                text15                              D1E      D1E       AE         0
                text14                              8A4      8A4      1AC         0
                text13                              C38      C38       E6         0
                text12                              B44      B44       F4         0
                text11                             10EE     10EE       5C         0
                text10                             1202     1202       1A         0
                text9                               DCC      DCC       94         0
                text8                              1034     1034       5E         0
                text7                               EF0      EF0       86         0
                text6                               E60      E60       90         0
                text5                               A50      A50       F4         0
                text4                              119C     119C       26         0
                text3                               6AE      6AE      1F6         0
                text2                              11E4     11E4       1E         0
                text1                              11C2     11C2       22         0
                text0                               226      226      488         0
                cinit                               FD6      FD6       5E         0
                idataBANK0                         1092     1092       5C         0
                idataCOMRAM                        1246     1246        2         0

        CLASS   CONST          

        CLASS   SMALLCONST     
                smallconst                          200      200       26         0

        CLASS   MEDIUMCONST    

        CLASS   COMRAM         
                temp                                 6D       6D        1         1
                cstackCOMRAM                          1        1       59         1
                dataCOMRAM                           6B       6B        2         1
                bssCOMRAM                            5A       5A       11         1

        CLASS   ABS1           

        CLASS   BIGRAM         

        CLASS   RAM            

        CLASS   BANK0          
                cstackBANK0                          FA       FA        4         1
                dataBANK0                            80       80       5C         1
                bssBANK0                             DC       DC       1E         1

        CLASS   BANK1          
                cstackBANK1                         100      100        E         1

        CLASS   SFR            

        CLASS   FARRAM         

        CLASS   CONFIG         
                config                           300000   300000        E         0

        CLASS   IDLOC          
                idloc                            200000   200000        8         0

        CLASS   EEDATA         



SEGMENTS        Name                           Load    Length   Top    Selector   Space  Class

                reset_vec                      000000  000004  000004         0       0  CODE    
                cstackCOMRAM                   000001  00006D  00006E         1       1  COMRAM  
                intcode                        000008  0000C0  0000C8         4       0  CODE    
                dataBANK0                      000080  00007E  0000FE        80       1  BANK0   
                cstackBANK1                    000100  00000E  00010E       100       1  BANK1   
                smallconst                     000200  000026  000226       100       0  SMALLCON
                text0                          000226  001022  001248       113       0  CODE    
                idloc                          200000  000008  200008    200000       0  IDLOC   
                config                         300000  00000E  30000E    300000       0  CONFIG  


UNUSED ADDRESS RANGES

        Name                Unused          Largest block    Delta
        BANK0            0000FE-0000FF                2
        BANK1            00010E-0001FF               F2
        BIGRAM           00006E-00007F               12
                         0000FE-0000FF                2
                         00010E-0001FF               F2
        CODE             000004-000007                4
                         0000C8-0001FF              138
                         001248-001FFF              DB8
        COMRAM           00006E-00007F               12
        CONST            000004-000007                4
                         0000C8-0001FF              138
                         001248-001FFF              DB8
        EEDATA           F00000-F000FF              100
        MEDIUMCONST      001248-001FFF              DB8
        RAM              0000FE-0000FF                2
                         00010E-0001FF               F2
        SFR              000F80-000FFF               80
        SMALLCONST       001248-001FFF              100
        STACK            00010E-0001FF               F2

                                  Symbol Table

?___awdiv                     cstackCOMRAM 000054
?___ftadd                     cstackCOMRAM 00001B
?___ftdiv                     cstackCOMRAM 000036
?___ftmul                     cstackCOMRAM 000027
?___ftpack                    cstackCOMRAM 000013
?___fttol                     cstackCOMRAM 000045
?___lltoft                    cstackCOMRAM 00001B
?___wmul                      cstackCOMRAM 000013
?_adcReadChannel              cstackCOMRAM 000013
?_strlen                      cstackCOMRAM 000013
UART_Open@baudrate            cstackCOMRAM 000013
UART_Write@i                  cstackCOMRAM 00001D
UART_Write@info               cstackCOMRAM 000019
_ADCON0                       (abs)        000FC2
_ADCON0bits                   (abs)        000FC2
_ADCON1                       (abs)        000FC1
_ADCON2bits                   (abs)        000FC0
_ADRES                        (abs)        000FC3
_BAUDCONbits                  (abs)        000FB8
_INTCONbits                   (abs)        000FF2
_LATAbits                     (abs)        000F89
_LATCbits                     (abs)        000F8B
_MAP                          bssCOMRAM    00005A
_OSCCONbits                   (abs)        000FD3
_PIE1bits                     (abs)        000F9D
_PIR1bits                     (abs)        000F9E
_RCIF                         (abs)        007CF5
_RCONbits                     (abs)        000FD0
_RCREG                        (abs)        000FAE
_RCSTAbits                    (abs)        000FAB
_SPBRG                        (abs)        000FAF
_T0CON                        (abs)        000FD5
_T0CONbits                    (abs)        000FD5
_TMR0                         (abs)        000FD6
_TMR0H                        (abs)        000FD7
_TMR0IE                       (abs)        007F95
_TMR0IF                       (abs)        007F92
_TMR0L                        (abs)        000FD6
_TRISAbits                    (abs)        000F92
_TRISBbits                    (abs)        000F93
_TRISCbits                    (abs)        000F94
_TXREG                        (abs)        000FAD
_TXSTAbits                    (abs)        000FAC
_UART_Close                   text20       001242
_UART_Open                    text19       00121C
_UART_TX_Busy                 text18       001236
_UART_Write                   text16       000F76
_YourHighPriorityISR          intcode      000008
__CFG_BBSIZ$BB256             (abs)        000000
__CFG_BOR$OFF                 (abs)        000000
__CFG_BORV$3                  (abs)        000000
__CFG_CCP2MX$RC1              (abs)        000000
__CFG_CP0$OFF                 (abs)        000000
__CFG_CP1$OFF                 (abs)        000000
__CFG_CPB$OFF                 (abs)        000000
__CFG_CPD$OFF                 (abs)        000000
__CFG_EBTR0$OFF               (abs)        000000
__CFG_EBTR1$OFF               (abs)        000000
__CFG_EBTRB$OFF               (abs)        000000
__CFG_FCMEN$OFF               (abs)        000000
__CFG_IESO$OFF                (abs)        000000
__CFG_LPT1OSC$OFF             (abs)        000000
__CFG_LVP$OFF                 (abs)        000000
__CFG_MCLRE$ON                (abs)        000000
__CFG_OSC$INTIO1              (abs)        000000
__CFG_PBADEN$ANA              (abs)        000000
__CFG_PWRT$OFF                (abs)        000000
__CFG_STVREN$ON               (abs)        000000
__CFG_WDT$OFF                 (abs)        000000
__CFG_WDTPS$1                 (abs)        000000
__CFG_WRT0$OFF                (abs)        000000
__CFG_WRT1$OFF                (abs)        000000
__CFG_WRTB$OFF                (abs)        000000
__CFG_WRTC$OFF                (abs)        000000
__CFG_WRTD$OFF                (abs)        000000
__CFG_XINST$OFF               (abs)        000000
__HRAM                        (abs)        000000
__Habs1                       abs1         000000
__Hbank0                      bank0        000000
__Hbank1                      bank1        000000
__Hbigbss                     bigbss       000000
__Hbigdata                    bigdata      000000
__Hbigram                     bigram       000000
__Hbss                        bss          000000
__HbssBANK0                   bssBANK0     000000
__HbssCOMRAM                  bssCOMRAM    000000
__Hcinit                      cinit        000000
__Hclrtext                    clrtext      000000
__Hcomram                     comram       000000
__Hconfig                     config       30000E
__Hconst                      const        000000
__HcstackBANK0                cstackBANK0  000000
__HcstackBANK1                cstackBANK1  000000
__HcstackCOMRAM               cstackCOMRAM 000000
__Hdata                       data         000000
__HdataBANK0                  dataBANK0    000000
__HdataCOMRAM                 dataCOMRAM   000000
__Heeprom_data                eeprom_data  000000
__Hfarbss                     farbss       000000
__Hfardata                    fardata      000000
__Hibigdata                   ibigdata     000000
__Hidata                      idata        000000
__HidataBANK0                 idataBANK0   000000
__HidataCOMRAM                idataCOMRAM  000000
__Hidloc                      idloc        200008
__Hifardata                   ifardata     000000
__Hinit                       init         0000C8
__Hintcode                    intcode      0000C4
__Hintcode_body               intcode_body 000000
__Hintcodelo                  intcodelo    0000C4
__Hintentry                   intentry     000000
__Hintret                     intret       000000
__Hintsave_regs               intsave_regs 000000
__Hirdata                     irdata       000000
__Hmediumconst                mediumconst  000000
__HnvFARRAM                   nvFARRAM     000000
__Hnvbit                      nvbit        000000
__Hnvrram                     nvrram       000000
__Hparam                      rparam       000000
__Hpowerup                    powerup      0000C4
__Hram                        ram          000000
__Hramtop                     ramtop       000200
__Hrbit                       rbit         000000
__Hrbss                       rbss         000000
__Hrdata                      rdata        000000
__Hreset_vec                  reset_vec    000004
__Hrparam                     rparam       000000
__Hsfr                        sfr          000000
__Hsmallconst                 smallconst   000226
__Hspace_0                    (abs)        30000E
__Hspace_1                    (abs)        00010E
__Hspace_2                    (abs)        000000
__Hstack                      stack        000000
__Hstruct                     struct       000000
__Htemp                       temp         00006E
__Htext                       text         000000
__Htext0                      text0        000000
__Htext1                      text1        000000
__Htext10                     text10       000000
__Htext11                     text11       000000
__Htext12                     text12       000000
__Htext13                     text13       000000
__Htext14                     text14       000000
__Htext15                     text15       000000
__Htext16                     text16       000000
__Htext17                     text17       000000
__Htext18                     text18       000000
__Htext19                     text19       000000
__Htext2                      text2        000000
__Htext20                     text20       000000
__Htext3                      text3        000000
__Htext4                      text4        000000
__Htext5                      text5        000000
__Htext6                      text6        000000
__Htext7                      text7        000000
__Htext8                      text8        000000
__Htext9                      text9        000000
__LRAM                        (abs)        000001
__Labs1                       abs1         000000
__Lbank0                      bank0        000000
__Lbank1                      bank1        000000
__Lbigbss                     bigbss       000000
__Lbigdata                    bigdata      000000
__Lbigram                     bigram       000000
__Lbss                        bss          000000
__LbssBANK0                   bssBANK0     000000
__LbssCOMRAM                  bssCOMRAM    000000
__Lcinit                      cinit        000000
__Lclrtext                    clrtext      000000
__Lcomram                     comram       000000
__Lconfig                     config       300000
__Lconst                      const        000000
__LcstackBANK0                cstackBANK0  000000
__LcstackBANK1                cstackBANK1  000000
__LcstackCOMRAM               cstackCOMRAM 000000
__Ldata                       data         000000
__LdataBANK0                  dataBANK0    000000
__LdataCOMRAM                 dataCOMRAM   000000
__Leeprom_data                eeprom_data  000000
__Lfarbss                     farbss       000000
__Lfardata                    fardata      000000
__Libigdata                   ibigdata     000000
__Lidata                      idata        000000
__LidataBANK0                 idataBANK0   000000
__LidataCOMRAM                idataCOMRAM  000000
__Lidloc                      idloc        200000
__Lifardata                   ifardata     000000
__Linit                       init         0000C4
__Lintcode                    intcode      000008
__Lintcode_body               intcode_body 000000
__Lintcodelo                  intcodelo    0000C4
__Lintentry                   intentry     000000
__Lintret                     intret       000000
__Lintsave_regs               intsave_regs 000000
__Lirdata                     irdata       000000
__Lmediumconst                mediumconst  000000
__LnvFARRAM                   nvFARRAM     000000
__Lnvbit                      nvbit        000000
__Lnvrram                     nvrram       000000
__Lparam                      rparam       000000
__Lpowerup                    powerup      0000C4
__Lram                        ram          000000
__Lramtop                     ramtop       000200
__Lrbit                       rbit         000000
__Lrbss                       rbss         000000
__Lrdata                      rdata        000000
__Lreset_vec                  reset_vec    000000
__Lrparam                     rparam       000000
__Lsfr                        sfr          000000
__Lsmallconst                 smallconst   000200
__Lspace_0                    (abs)        000000
__Lspace_1                    (abs)        000000
__Lspace_2                    (abs)        000000
__Lstack                      stack        000000
__Lstruct                     struct       000000
__Ltemp                       temp         00006D
__Ltext                       text         000000
__Ltext0                      text0        000000
__Ltext1                      text1        000000
__Ltext10                     text10       000000
__Ltext11                     text11       000000
__Ltext12                     text12       000000
__Ltext13                     text13       000000
__Ltext14                     text14       000000
__Ltext15                     text15       000000
__Ltext16                     text16       000000
__Ltext17                     text17       000000
__Ltext18                     text18       000000
__Ltext19                     text19       000000
__Ltext2                      text2        000000
__Ltext20                     text20       000000
__Ltext3                      text3        000000
__Ltext4                      text4        000000
__Ltext5                      text5        000000
__Ltext6                      text6        000000
__Ltext7                      text7        000000
__Ltext8                      text8        000000
__Ltext9                      text9        000000
__S0                          (abs)        30000E
__S1                          (abs)        00010E
__S2                          (abs)        000000
___awdiv                      text7        000EF0
___awdiv@counter              cstackBANK0  0000FA
___awdiv@dividend             cstackCOMRAM 000054
___awdiv@divisor              cstackCOMRAM 000056
___awdiv@quotient             cstackBANK0  0000FC
___awdiv@sign                 cstackBANK0  0000FB
___ftadd                      text14       0008A4
___ftadd@exp1                 cstackCOMRAM 000026
___ftadd@exp2                 cstackCOMRAM 000025
___ftadd@f1                   cstackCOMRAM 00001B
___ftadd@f2                   cstackCOMRAM 00001E
___ftadd@sign                 cstackCOMRAM 000024
___ftdiv                      text13       000C38
___ftdiv@cntr                 cstackCOMRAM 00003F
___ftdiv@exp                  cstackCOMRAM 000043
___ftdiv@f1                   cstackCOMRAM 000036
___ftdiv@f2                   cstackCOMRAM 000039
___ftdiv@f3                   cstackCOMRAM 000040
___ftdiv@sign                 cstackCOMRAM 000044
___ftge                       text6        000E60
___ftge@ff1                   cstackCOMRAM 000013
___ftge@ff2                   cstackCOMRAM 000016
___ftmul                      text12       000B44
___ftmul@cntr                 cstackCOMRAM 000034
___ftmul@exp                  cstackCOMRAM 000030
___ftmul@f1                   cstackCOMRAM 000027
___ftmul@f2                   cstackCOMRAM 00002A
___ftmul@f3_as_product        cstackCOMRAM 000031
___ftmul@sign                 cstackCOMRAM 000035
___ftpack                     text15       000D1E
___ftpack@arg                 cstackCOMRAM 000013
___ftpack@exp                 cstackCOMRAM 000016
___ftpack@sign                cstackCOMRAM 000017
___fttol                      text5        000A50
___fttol@exp1                 cstackCOMRAM 000053
___fttol@f1                   cstackCOMRAM 000045
___fttol@lval                 cstackCOMRAM 00004F
___fttol@sign1                cstackCOMRAM 00004E
___inthi_sp                   stack        000000
___intlo_sp                   stack        000000
___lltoft                     text11       0010EE
___lltoft@c                   cstackCOMRAM 00001B
___lltoft@exp                 cstackCOMRAM 000023
___param_bank                 (abs)        000000
___rparam_used                (abs)        000001
___sp                         stack        000000
___wmul                       text4        00119C
___wmul@multiplicand          cstackCOMRAM 000015
___wmul@multiplier            cstackCOMRAM 000013
___wmul@product               cstackCOMRAM 000017
__accesstop                   (abs)        000080
__activetblptr                (abs)        000002
__end_of_UART_Close           text20       001246
__end_of_UART_Open            text19       001236
__end_of_UART_TX_Busy         text18       001242
__end_of_UART_Write           text16       000FD6
__end_of_YourHighPriorityISR  intcode      0000C4
__end_of___awdiv              text7        000F76
__end_of___ftadd              text14       000A50
__end_of___ftdiv              text13       000D1E
__end_of___ftge               text6        000EF0
__end_of___ftmul              text12       000C38
__end_of___ftpack             text15       000DCC
__end_of___fttol              text5        000B44
__end_of___lltoft             text11       00114A
__end_of___wmul               text4        0011C2
__end_of__initialization      cinit        001026
__end_of_adcConfig            text10       00121C
__end_of_adcReadChannel       text9        000E60
__end_of_appendUnits          text8        001092
__end_of_main                 text0        0006AE
__end_of_printData            text3        0008A4
__end_of_printNewLine         text2        001202
__end_of_strlen               text17       00119C
__end_of_timerConfig          text1        0011E4
__initialization              cinit        000FD6
__mediumconst                 mediumconst  000000
__pbssBANK0                   bssBANK0     0000DC
__pbssCOMRAM                  bssCOMRAM    00005A
__pcinit                      cinit        000FD6
__pcstackBANK0                cstackBANK0  0000FA
__pcstackBANK1                cstackBANK1  000100
__pcstackCOMRAM               cstackCOMRAM 000001
__pdataBANK0                  dataBANK0    000080
__pdataCOMRAM                 dataCOMRAM   00006B
__pidataBANK0                 idataBANK0   001092
__pidataCOMRAM                idataCOMRAM  001246
__pintcode                    intcode      000008
__psmallconst                 smallconst   000200
__ptext0                      text0        000226
__ptext1                      text1        0011C2
__ptext10                     text10       001202
__ptext11                     text11       0010EE
__ptext12                     text12       000B44
__ptext13                     text13       000C38
__ptext14                     text14       0008A4
__ptext15                     text15       000D1E
__ptext16                     text16       000F76
__ptext17                     text17       00114A
__ptext18                     text18       001236
__ptext19                     text19       00121C
__ptext2                      text2        0011E4
__ptext20                     text20       001242
__ptext3                      text3        0006AE
__ptext4                      text4        00119C
__ptext5                      text5        000A50
__ptext6                      text6        000E60
__ptext7                      text7        000EF0
__ptext8                      text8        001034
__ptext9                      text9        000DCC
__ramtop                      ramtop       000200
__size_of_UART_Close          (abs)        000000
__size_of_UART_Open           (abs)        000000
__size_of_UART_TX_Busy        (abs)        000000
__size_of_UART_Write          (abs)        000000
__size_of_YourHighPriorityISR (abs)        000000
__size_of___awdiv             (abs)        000000
__size_of___ftadd             (abs)        000000
__size_of___ftdiv             (abs)        000000
__size_of___ftge              (abs)        000000
__size_of___ftmul             (abs)        000000
__size_of___ftpack            (abs)        000000
__size_of___fttol             (abs)        000000
__size_of___lltoft            (abs)        000000
__size_of___wmul              (abs)        000000
__size_of_adcConfig           (abs)        000000
__size_of_adcReadChannel      (abs)        000000
__size_of_appendUnits         (abs)        000000
__size_of_main                (abs)        000000
__size_of_printData           (abs)        000000
__size_of_printNewLine        (abs)        000000
__size_of_strlen              (abs)        000000
__size_of_timerConfig         (abs)        000000
__smallconst                  smallconst   000200
_adcConfig                    text10       001202
_adcData                      bssCOMRAM    000069
_adcPrev                      dataCOMRAM   00006B
_adcReadChannel               text9        000DCC
_appendUnits                  text8        001034
_avgCount                     bssCOMRAM    00005D
_avgData                      bssBANK0     0000F8
_bpm                          bssBANK0     0000E0
_bpmDisplay                   dataBANK0    00008D
_bpmPointer                   dataBANK0    000087
_count                        bssCOMRAM    00005F
_diasDisplay                  dataBANK0    0000A6
_diasPointer                  dataBANK0    00008B
_diastolicPressure            bssBANK0     0000E8
_heartFloat                   bssBANK0     0000EB
_i                            bssCOMRAM    000063
_main                         text0        000226
_main$1527                    cstackBANK1  00010B
_maxData                      bssCOMRAM    000067
_measurePointer               dataBANK0    000085
_measuringDisplay             dataBANK0    0000CF
_pressure                     bssBANK0     0000F6
_prevMeasurement              bssBANK0     0000F1
_printData                    text3        0006AE
_printNewLine                 text2        0011E4
_state                        bssCOMRAM    000061
_strlen                       text17       00114A
_sysComp                      bssBANK0     0000DC
_sysDisplay                   dataBANK0    0000BB
_sysMeasure                   bssBANK0     0000F4
_sysPointer                   dataBANK0    000089
_systolicPressure             bssBANK0     0000EE
_timerComp                    bssBANK0     0000E4
_timerConfig                  text1        0011C2
_timerInt                     bssCOMRAM    000065
adcReadChannel@channelNumber  cstackCOMRAM 000016
appendUnits@F2916             dataBANK0    000080
appendUnits@data2             cstackCOMRAM 000019
btemp                         temp         00006D
end_of_initialization         cinit        001026
int$flags                     temp         00006D
intlevel0                     text         000000
intlevel1                     text         000000
intlevel2                     text         000000
intlevel3                     text         000000
printData@data                cstackBANK1  000100
printData@sender              cstackCOMRAM 000058
stackhi                       (abs)        0001FF
stacklo                       (abs)        00010E
start                         init         0000C4
start_initialization          cinit        000FD6
strlen@cp                     cstackCOMRAM 000017
strlen@s                      cstackCOMRAM 000013
wtemp6                        temp         00006E


FUNCTION INFORMATION:

 *************** function _main *****************
 Defined at:
		line 100 in file "test.c"
 Parameters:    Size  Location     Type
		None
 Auto vars:     Size  Location     Type
		None
 Return value:  Size  Location     Type
                  1    wreg      void 
 Registers used:
		wreg, fsr0l, fsr0h, fsr1l, fsr1h, fsr2l, fsr2h, status,2, status,0, tblptrl, tblptrh, tblptru, prodl, prodh, cstack
 Tracked objects:
		On entry : 
		On exit  : 
		Unchanged: 
 Data sizes:     COMRAM   BANK0   BANK1
      Params:         0       0       0
      Locals:         0       0       3
      Temps:          0       0       4
      Totals:         0       0       7
Total ram usage:        7 bytes
 Hardware stack levels required when called:    3
 This function calls:
		_UART_Close
		_UART_Open
		_UART_Write
		___ftadd
		___ftdiv
		___ftmul
		___fttol
		___lltoft
		_adcConfig
		_adcReadChannel
		_appendUnits
		_printData
		_printNewLine
		_timerConfig
 This function is called by:
		Startup code after reset
 This function uses a non-reentrant model


 *************** function _timerConfig *****************
 Defined at:
		line 312 in file "test.c"
 Parameters:    Size  Location     Type
		None
 Auto vars:     Size  Location     Type
		None
 Return value:  Size  Location     Type
                  1    wreg      void 
 Registers used:
		wreg, status,2
 Tracked objects:
		On entry : 
		On exit  : 
		Unchanged: 
 Data sizes:     COMRAM   BANK0   BANK1
      Params:         0       0       0
      Locals:         0       0       0
      Temps:          0       0       0
      Totals:         0       0       0
Total ram usage:        0 bytes
 Hardware stack levels used:    1
 Hardware stack levels required when called:    1
 This function calls:
		Nothing
 This function is called by:
		_main
 This function uses a non-reentrant model


 *************** function _printNewLine *****************
 Defined at:
		line 243 in file "test.c"
 Parameters:    Size  Location     Type
		None
 Auto vars:     Size  Location     Type
		None
 Return value:  Size  Location     Type
                  1    wreg      void 
 Registers used:
		wreg, status,2, cstack
 Tracked objects:
		On entry : 
		On exit  : 
		Unchanged: 
 Data sizes:     COMRAM   BANK0   BANK1
      Params:         0       0       0
      Locals:         0       0       0
      Temps:          0       0       0
      Totals:         0       0       0
Total ram usage:        0 bytes
 Hardware stack levels used:    1
 Hardware stack levels required when called:    2
 This function calls:
		_UART_TX_Busy
 This function is called by:
		_main
 This function uses a non-reentrant model


 *************** function _printData *****************
 Defined at:
		line 250 in file "test.c"
 Parameters:    Size  Location     Type
  data            3    0[BANK1 ] float 
 Auto vars:     Size  Location     Type
  sender          2   87[COMRAM] int 
 Return value:  Size  Location     Type
                  1    wreg      void 
 Registers used:
		wreg, status,2, status,0, prodl, prodh, cstack
 Tracked objects:
		On entry : 
		On exit  : 
		Unchanged: 
 Data sizes:     COMRAM   BANK0   BANK1
      Params:         0       0       3
      Locals:         2       0       0
      Temps:          0       0       4
      Totals:         2       0       7
Total ram usage:        9 bytes
 Hardware stack levels used:    1
 Hardware stack levels required when called:    2
 This function calls:
		_UART_TX_Busy
		___awdiv
		___ftge
		___fttol
		___wmul
 This function is called by:
		_main
 This function uses a non-reentrant model


 *************** function ___wmul *****************
 Defined at:
		line 15 in file "C:\Program Files (x86)\Microchip\xc8\v1.45\sources\common\Umul16.c"
 Parameters:    Size  Location     Type
  multiplier      2   18[COMRAM] unsigned int 
  multiplicand    2   20[COMRAM] unsigned int 
 Auto vars:     Size  Location     Type
  product         2   22[COMRAM] unsigned int 
 Return value:  Size  Location     Type
                  2   18[COMRAM] unsigned int 
 Registers used:
		wreg, status,2, status,0, prodl, prodh
 Tracked objects:
		On entry : 
		On exit  : 
		Unchanged: 
 Data sizes:     COMRAM   BANK0   BANK1
      Params:         4       0       0
      Locals:         2       0       0
      Temps:          0       0       0
      Totals:         6       0       0
Total ram usage:        6 bytes
 Hardware stack levels used:    1
 Hardware stack levels required when called:    1
 This function calls:
		Nothing
 This function is called by:
		_printData
 This function uses a non-reentrant model


 *************** function ___fttol *****************
 Defined at:
		line 44 in file "C:\Program Files (x86)\Microchip\xc8\v1.45\sources\common\fttol.c"
 Parameters:    Size  Location     Type
  f1              3   68[COMRAM] float 
 Auto vars:     Size  Location     Type
  lval            4   78[COMRAM] unsigned long 
  exp1            1   82[COMRAM] unsigned char 
  sign1           1   77[COMRAM] unsigned char 
 Return value:  Size  Location     Type
                  4   68[COMRAM] long 
 Registers used:
		wreg, status,2, status,0
 Tracked objects:
		On entry : 
		On exit  : 
		Unchanged: 
 Data sizes:     COMRAM   BANK0   BANK1
      Params:         4       0       0
      Locals:         6       0       0
      Temps:          5       0       0
      Totals:        15       0       0
Total ram usage:       15 bytes
 Hardware stack levels used:    1
 Hardware stack levels required when called:    1
 This function calls:
		Nothing
 This function is called by:
		_main
		_printData
 This function uses a non-reentrant model


 *************** function ___ftge *****************
 Defined at:
		line 4 in file "C:\Program Files (x86)\Microchip\xc8\v1.45\sources\common\ftge.c"
 Parameters:    Size  Location     Type
  ff1             3   18[COMRAM] float 
  ff2             3   21[COMRAM] float 
 Auto vars:     Size  Location     Type
		None
 Return value:  Size  Location     Type
		None               void
 Registers used:
		wreg, status,2, status,0
 Tracked objects:
		On entry : 
		On exit  : 
		Unchanged: 
 Data sizes:     COMRAM   BANK0   BANK1
      Params:         6       0       0
      Locals:         0       0       0
      Temps:          3       0       0
      Totals:         9       0       0
Total ram usage:        9 bytes
 Hardware stack levels used:    1
 Hardware stack levels required when called:    1
 This function calls:
		Nothing
 This function is called by:
		_printData
 This function uses a non-reentrant model


 *************** function ___awdiv *****************
 Defined at:
		line 8 in file "C:\Program Files (x86)\Microchip\xc8\v1.45\sources\common\awdiv.c"
 Parameters:    Size  Location     Type
  dividend        2   83[COMRAM] int 
  divisor         2   85[COMRAM] int 
 Auto vars:     Size  Location     Type
  quotient        2    2[BANK0 ] int 
  sign            1    1[BANK0 ] unsigned char 
  counter         1    0[BANK0 ] unsigned char 
 Return value:  Size  Location     Type
                  2   83[COMRAM] int 
 Registers used:
		wreg, status,2, status,0
 Tracked objects:
		On entry : 
		On exit  : 
		Unchanged: 
 Data sizes:     COMRAM   BANK0   BANK1
      Params:         4       0       0
      Locals:         0       4       0
      Temps:          0       0       0
      Totals:         4       4       0
Total ram usage:        8 bytes
 Hardware stack levels used:    1
 Hardware stack levels required when called:    1
 This function calls:
		Nothing
 This function is called by:
		_printData
 This function uses a non-reentrant model


 *************** function _appendUnits *****************
 Defined at:
		line 233 in file "test.c"
 Parameters:    Size  Location     Type
		None
 Auto vars:     Size  Location     Type
  data2           5   24[COMRAM] unsigned char [5]
 Return value:  Size  Location     Type
                  1    wreg      void 
 Registers used:
		wreg, fsr0l, fsr0h, fsr1l, fsr1h, fsr2l, fsr2h, status,2, status,0, tblptrl, tblptrh, tblptru, cstack
 Tracked objects:
		On entry : 
		On exit  : 
		Unchanged: 
 Data sizes:     COMRAM   BANK0   BANK1
      Params:         0       0       0
      Locals:         5       0       0
      Temps:          0       0       0
      Totals:         5       0       0
Total ram usage:        5 bytes
 Hardware stack levels used:    1
 Hardware stack levels required when called:    2
 This function calls:
		_UART_TX_Busy
		_strlen
 This function is called by:
		_main
 This function uses a non-reentrant model


 *************** function _adcReadChannel *****************
 Defined at:
		line 275 in file "test.c"
 Parameters:    Size  Location     Type
  channelNumbe    1    wreg     unsigned char 
 Auto vars:     Size  Location     Type
  channelNumbe    1   21[COMRAM] unsigned char 
 Return value:  Size  Location     Type
                  2   18[COMRAM] int 
 Registers used:
		wreg, status,2, status,0
 Tracked objects:
		On entry : 
		On exit  : 
		Unchanged: 
 Data sizes:     COMRAM   BANK0   BANK1
      Params:         2       0       0
      Locals:         1       0       0
      Temps:          1       0       0
      Totals:         4       0       0
Total ram usage:        4 bytes
 Hardware stack levels used:    1
 Hardware stack levels required when called:    1
 This function calls:
		Nothing
 This function is called by:
		_main
 This function uses a non-reentrant model


 *************** function _adcConfig *****************
 Defined at:
		line 292 in file "test.c"
 Parameters:    Size  Location     Type
		None
 Auto vars:     Size  Location     Type
		None
 Return value:  Size  Location     Type
                  1    wreg      void 
 Registers used:
		wreg, status,2
 Tracked objects:
		On entry : 
		On exit  : 
		Unchanged: 
 Data sizes:     COMRAM   BANK0   BANK1
      Params:         0       0       0
      Locals:         0       0       0
      Temps:          0       0       0
      Totals:         0       0       0
Total ram usage:        0 bytes
 Hardware stack levels used:    1
 Hardware stack levels required when called:    1
 This function calls:
		Nothing
 This function is called by:
		_main
 This function uses a non-reentrant model


 *************** function ___lltoft *****************
 Defined at:
		line 35 in file "C:\Program Files (x86)\Microchip\xc8\v1.45\sources\common\lltoft.c"
 Parameters:    Size  Location     Type
  c               4   26[COMRAM] unsigned long 
 Auto vars:     Size  Location     Type
  exp             1   34[COMRAM] unsigned char 
 Return value:  Size  Location     Type
                  3   26[COMRAM] float 
 Registers used:
		wreg, status,2, status,0, cstack
 Tracked objects:
		On entry : 
		On exit  : 
		Unchanged: 
 Data sizes:     COMRAM   BANK0   BANK1
      Params:         4       0       0
      Locals:         1       0       0
      Temps:          4       0       0
      Totals:         9       0       0
Total ram usage:        9 bytes
 Hardware stack levels used:    1
 Hardware stack levels required when called:    2
 This function calls:
		___ftpack
 This function is called by:
		_main
 This function uses a non-reentrant model


 *************** function ___ftmul *****************
 Defined at:
		line 62 in file "C:\Program Files (x86)\Microchip\xc8\v1.45\sources\common\ftmul.c"
 Parameters:    Size  Location     Type
  f1              3   38[COMRAM] float 
  f2              3   41[COMRAM] float 
 Auto vars:     Size  Location     Type
  f3_as_produc    3   48[COMRAM] unsigned um
  sign            1   52[COMRAM] unsigned char 
  cntr            1   51[COMRAM] unsigned char 
  exp             1   47[COMRAM] unsigned char 
 Return value:  Size  Location     Type
                  3   38[COMRAM] float 
 Registers used:
		wreg, status,2, status,0, cstack
 Tracked objects:
		On entry : 
		On exit  : 
		Unchanged: 
 Data sizes:     COMRAM   BANK0   BANK1
      Params:         6       0       0
      Locals:         6       0       0
      Temps:          3       0       0
      Totals:        15       0       0
Total ram usage:       15 bytes
 Hardware stack levels used:    1
 Hardware stack levels required when called:    2
 This function calls:
		___ftpack
 This function is called by:
		_main
 This function uses a non-reentrant model


 *************** function ___ftdiv *****************
 Defined at:
		line 54 in file "C:\Program Files (x86)\Microchip\xc8\v1.45\sources\common\ftdiv.c"
 Parameters:    Size  Location     Type
  f1              3   53[COMRAM] float 
  f2              3   56[COMRAM] float 
 Auto vars:     Size  Location     Type
  f3              3   63[COMRAM] float 
  sign            1   67[COMRAM] unsigned char 
  exp             1   66[COMRAM] unsigned char 
  cntr            1   62[COMRAM] unsigned char 
 Return value:  Size  Location     Type
                  3   53[COMRAM] float 
 Registers used:
		wreg, status,2, status,0, cstack
 Tracked objects:
		On entry : 
		On exit  : 
		Unchanged: 
 Data sizes:     COMRAM   BANK0   BANK1
      Params:         6       0       0
      Locals:         6       0       0
      Temps:          3       0       0
      Totals:        15       0       0
Total ram usage:       15 bytes
 Hardware stack levels used:    1
 Hardware stack levels required when called:    2
 This function calls:
		___ftpack
 This function is called by:
		_main
 This function uses a non-reentrant model


 *************** function ___ftadd *****************
 Defined at:
		line 86 in file "C:\Program Files (x86)\Microchip\xc8\v1.45\sources\common\ftadd.c"
 Parameters:    Size  Location     Type
  f1              3   26[COMRAM] float 
  f2              3   29[COMRAM] float 
 Auto vars:     Size  Location     Type
  exp1            1   37[COMRAM] unsigned char 
  exp2            1   36[COMRAM] unsigned char 
  sign            1   35[COMRAM] unsigned char 
 Return value:  Size  Location     Type
                  3   26[COMRAM] float 
 Registers used:
		wreg, status,2, status,0, cstack
 Tracked objects:
		On entry : 
		On exit  : 
		Unchanged: 
 Data sizes:     COMRAM   BANK0   BANK1
      Params:         6       0       0
      Locals:         3       0       0
      Temps:          3       0       0
      Totals:        12       0       0
Total ram usage:       12 bytes
 Hardware stack levels used:    1
 Hardware stack levels required when called:    2
 This function calls:
		___ftpack
 This function is called by:
		_main
 This function uses a non-reentrant model


 *************** function ___ftpack *****************
 Defined at:
		line 62 in file "C:\Program Files (x86)\Microchip\xc8\v1.45\sources\common\float.c"
 Parameters:    Size  Location     Type
  arg             3   18[COMRAM] unsigned um
  exp             1   21[COMRAM] unsigned char 
  sign            1   22[COMRAM] unsigned char 
 Auto vars:     Size  Location     Type
		None
 Return value:  Size  Location     Type
                  3   18[COMRAM] float 
 Registers used:
		wreg, status,2, status,0
 Tracked objects:
		On entry : 
		On exit  : 
		Unchanged: 
 Data sizes:     COMRAM   BANK0   BANK1
      Params:         5       0       0
      Locals:         0       0       0
      Temps:          3       0       0
      Totals:         8       0       0
Total ram usage:        8 bytes
 Hardware stack levels used:    1
 Hardware stack levels required when called:    1
 This function calls:
		Nothing
 This function is called by:
		___ftadd
		___ftdiv
		___ftmul
		___lltoft
 This function uses a non-reentrant model


 *************** function _UART_Write *****************
 Defined at:
		line 387 in file "test.c"
 Parameters:    Size  Location     Type
  info            2   24[COMRAM] PTR unsigned char 
		 -> STR_2(25), STR_1(10), measuringDisplay(13), bpmDisplay(25), 
		 -> sysDisplay(20), diasDisplay(21), 
 Auto vars:     Size  Location     Type
  i               2   28[COMRAM] int 
 Return value:  Size  Location     Type
                  1    wreg      void 
 Registers used:
		wreg, fsr0l, fsr0h, status,2, status,0, tblptrl, tblptrh, tblptru, cstack
 Tracked objects:
		On entry : 
		On exit  : 
		Unchanged: 
 Data sizes:     COMRAM   BANK0   BANK1
      Params:         2       0       0
      Locals:         2       0       0
      Temps:          2       0       0
      Totals:         6       0       0
Total ram usage:        6 bytes
 Hardware stack levels used:    1
 Hardware stack levels required when called:    2
 This function calls:
		_UART_TX_Busy
		_strlen
 This function is called by:
		_main
 This function uses a non-reentrant model


 *************** function _strlen *****************
 Defined at:
		line 4 in file "C:\Program Files (x86)\Microchip\xc8\v1.45\sources\common\strlen.c"
 Parameters:    Size  Location     Type
  s               2   18[COMRAM] PTR const unsigned char 
		 -> appendUnits@data2(5), STR_2(25), STR_1(10), measuringDisplay(13), 
		 -> bpmDisplay(25), sysDisplay(20), diasDisplay(21), 
 Auto vars:     Size  Location     Type
  cp              2   22[COMRAM] PTR const unsigned char 
		 -> appendUnits@data2(5), STR_2(25), STR_1(10), measuringDisplay(13), 
		 -> bpmDisplay(25), sysDisplay(20), diasDisplay(21), 
 Return value:  Size  Location     Type
                  2   18[COMRAM] unsigned int 
 Registers used:
		wreg, fsr0l, fsr0h, status,2, status,0, tblptrl, tblptrh, tblptru
 Tracked objects:
		On entry : 
		On exit  : 
		Unchanged: 
 Data sizes:     COMRAM   BANK0   BANK1
      Params:         2       0       0
      Locals:         2       0       0
      Temps:          2       0       0
      Totals:         6       0       0
Total ram usage:        6 bytes
 Hardware stack levels used:    1
 Hardware stack levels required when called:    1
 This function calls:
		Nothing
 This function is called by:
		_appendUnits
		_UART_Write
 This function uses a non-reentrant model


 *************** function _UART_TX_Busy *****************
 Defined at:
		line 379 in file "test.c"
 Parameters:    Size  Location     Type
		None
 Auto vars:     Size  Location     Type
		None
 Return value:  Size  Location     Type
                  1    wreg      unsigned char 
 Registers used:
		wreg
 Tracked objects:
		On entry : 
		On exit  : 
		Unchanged: 
 Data sizes:     COMRAM   BANK0   BANK1
      Params:         0       0       0
      Locals:         0       0       0
      Temps:          0       0       0
      Totals:         0       0       0
Total ram usage:        0 bytes
 Hardware stack levels used:    1
 Hardware stack levels required when called:    1
 This function calls:
		Nothing
 This function is called by:
		_appendUnits
		_printNewLine
		_printData
		_UART_Write
 This function uses a non-reentrant model


 *************** function _UART_Open *****************
 Defined at:
		line 354 in file "test.c"
 Parameters:    Size  Location     Type
  baudrate        4   18[COMRAM] const long 
 Auto vars:     Size  Location     Type
		None
 Return value:  Size  Location     Type
                  1    wreg      void 
 Registers used:
		wreg, status,2
 Tracked objects:
		On entry : 
		On exit  : 
		Unchanged: 
 Data sizes:     COMRAM   BANK0   BANK1
      Params:         4       0       0
      Locals:         0       0       0
      Temps:          0       0       0
      Totals:         4       0       0
Total ram usage:        4 bytes
 Hardware stack levels used:    1
 Hardware stack levels required when called:    1
 This function calls:
		Nothing
 This function is called by:
		_main
 This function uses a non-reentrant model


 *************** function _UART_Close *****************
 Defined at:
		line 371 in file "test.c"
 Parameters:    Size  Location     Type
		None
 Auto vars:     Size  Location     Type
		None
 Return value:  Size  Location     Type
                  1    wreg      void 
 Registers used:
		None
 Tracked objects:
		On entry : 
		On exit  : 
		Unchanged: 
 Data sizes:     COMRAM   BANK0   BANK1
      Params:         0       0       0
      Locals:         0       0       0
      Temps:          0       0       0
      Totals:         0       0       0
Total ram usage:        0 bytes
 Hardware stack levels used:    1
 Hardware stack levels required when called:    1
 This function calls:
		Nothing
 This function is called by:
		_main
 This function uses a non-reentrant model


 *************** function _YourHighPriorityISR *****************
 Defined at:
		line 335 in file "test.c"
 Parameters:    Size  Location     Type
		None
 Auto vars:     Size  Location     Type
		None
 Return value:  Size  Location     Type
                  1    wreg      void 
 Registers used:
		wreg, status,2, status,0
 Tracked objects:
		On entry : 
		On exit  : 
		Unchanged: 
 Data sizes:     COMRAM   BANK0   BANK1
      Params:         0       0       0
      Locals:         0       0       0
      Temps:         18       0       0
      Totals:        18       0       0
Total ram usage:       18 bytes
 Hardware stack levels used:    1
 This function calls:
		Nothing
 This function is called by:
		Interrupt level 2
 This function uses a non-reentrant model



MODULE INFORMATION

Module		Function		Class		Link	Load	Size
test.c
		_printNewLine  		CODE           	11E4	0000	31
		_main          		CODE           	0226	0000	1161
		_adcReadChannel		CODE           	0DCC	0000	149
		_adcConfig     		CODE           	1202	0000	27
		_UART_Open     		CODE           	121C	0000	27
		_printData     		CODE           	06AE	0000	503
		_UART_Close    		CODE           	1242	0000	5
		_UART_Write    		CODE           	0F76	0000	97
		_appendUnits   		CODE           	1034	0000	95
		_YourHighPriorityISR		CODE           	0008	0000	189
		_UART_TX_Busy  		CODE           	1236	0000	13
		_timerConfig   		CODE           	11C2	0000	35

test.c estimated size: 2332

C:\Program Files (x86)\Microchip\xc8\v1.45\sources\common\float.c
		___ftpack      		CODE           	0D1E	0000	175

C:\Program Files (x86)\Microchip\xc8\v1.45\sources\common\float.c estimated size: 175

C:\Program Files (x86)\Microchip\xc8\v1.45\sources\common\lltoft.c
		___lltoft      		CODE           	10EE	0000	93

C:\Program Files (x86)\Microchip\xc8\v1.45\sources\common\lltoft.c estimated size: 93

C:\Program Files (x86)\Microchip\xc8\v1.45\sources\common\Umul16.c
		___wmul        		CODE           	119C	0000	39

C:\Program Files (x86)\Microchip\xc8\v1.45\sources\common\Umul16.c estimated size: 39

C:\Program Files (x86)\Microchip\xc8\v1.45\sources\common\ftge.c
		___ftge        		CODE           	0E60	0000	145

C:\Program Files (x86)\Microchip\xc8\v1.45\sources\common\ftge.c estimated size: 145

C:\Program Files (x86)\Microchip\xc8\v1.45\sources\common\ftmul.c
		___ftmul       		CODE           	0B44	0000	245

C:\Program Files (x86)\Microchip\xc8\v1.45\sources\common\ftmul.c estimated size: 245

C:\Program Files (x86)\Microchip\xc8\v1.45\sources\common\ftdiv.c
		___ftdiv       		CODE           	0C38	0000	231

C:\Program Files (x86)\Microchip\xc8\v1.45\sources\common\ftdiv.c estimated size: 231

shared
		__initialization		CODE           	0FD6	0000	81

shared estimated size: 81

C:\Program Files (x86)\Microchip\xc8\v1.45\sources\common\fttol.c
		___fttol       		CODE           	0A50	0000	245

C:\Program Files (x86)\Microchip\xc8\v1.45\sources\common\fttol.c estimated size: 245

C:\Program Files (x86)\Microchip\xc8\v1.45\sources\common\awdiv.c
		___awdiv       		CODE           	0EF0	0000	135

C:\Program Files (x86)\Microchip\xc8\v1.45\sources\common\awdiv.c estimated size: 135

C:\Program Files (x86)\Microchip\xc8\v1.45\sources\common\ftadd.c
		___ftadd       		CODE           	08A4	0000	429

C:\Program Files (x86)\Microchip\xc8\v1.45\sources\common\ftadd.c estimated size: 429

C:\Program Files (x86)\Microchip\xc8\v1.45\sources\common\strlen.c
		_strlen        		CODE           	114A	0000	83

C:\Program Files (x86)\Microchip\xc8\v1.45\sources\common\strlen.c estimated size: 83

